qiskit_runtime_service._discover_account:WARNING:2026-10-09 04:00:29,394: Loading account with the given token. A saved account will not be used.
qiskit_runtime_service.__init__:WARNING:2026-10-09 04:00:31,036: Instance was not set at service instantiation. Free and trial plan instances will be prioritized. Based on the following filters: (tags: None, region: us-east, eu-de), and available plans: (open), the available account instances are: open-instance. If you need a specific instance set it explicitly either by using a saved account with a saved default instance or passing it in directly to QiskitRuntimeService(). Alternatively, pass instance='auto' or save it to your account for auto-selection without warning.
[GATE] 5 vereditos exatos registrados (QPU zero)
qiskit_runtime_service.backends:WARNING:2026-10-09 04:00:31,281: Using instance: open-instance, plan: open
/app/conversations/6ab3060a7f5a926229167e45/sephirum/prototype/qpu_family_batch.py:100: DeprecationWarning: The SamplerV2 class is deprecated as of qiskit-ibm-runtime 0.50.0 and will be removed no sooner than 3 months after the release date. `qiskit_ibm_runtime.executor_sampler.Sampler` provides a new Sampler implementation that runs all the pre- and post-processing in the client side. The top-level `qiskit_ibm_runtime.Sampler` import will be updated to point to the client-side sampler in an upcoming release, with the legacy Sampler being available until the deprecation is completed.
  job = SamplerV2(mode=b).run(tqc, shots=SHOTS)
[ibm_fez] 4 jobs (6 circuitos cada) submetidos
qiskit_runtime_service.backends:WARNING:2026-10-09 04:00:39,892: Using instance: open-instance, plan: open
/app/conversations/6ab3060a7f5a926229167e45/sephirum/prototype/qpu_family_batch.py:100: DeprecationWarning: The SamplerV2 class is deprecated as of qiskit-ibm-runtime 0.50.0 and will be removed no sooner than 3 months after the release date. `qiskit_ibm_runtime.executor_sampler.Sampler` provides a new Sampler implementation that runs all the pre- and post-processing in the client side. The top-level `qiskit_ibm_runtime.Sampler` import will be updated to point to the client-side sampler in an upcoming release, with the legacy Sampler being available until the deprecation is completed.
  job = SamplerV2(mode=b).run(tqc, shots=SHOTS)
[ibm_marrakesh] 4 jobs (6 circuitos cada) submetidos
done 2/8 pend 6
done 4/8 pend 4
done 4/8 pend 4
done 4/8 pend 4
done 8/8 pend 0
RECIBO: /app/conversations/6ab3060a7f5a926229167e45/sephirum/results/family_batch_hardware.json
[ibm_fez] ghz4 <Z0Z1> +0.935 CI [0.9228515625, 0.9453125] | <Z0Z3> +0.823 CI [0.787109375, 0.859375]
[ibm_fez] plus4 <Z0Z1> -0.021 CI [-0.0625, 0.0302734375]
[ibm_fez] cluster <X0Z1> +0.902 CI [0.89453125, 0.908203125] | <Z0X1> +0.890 CI [0.873046875, 0.90625]
[ibm_fez] bell <ZZ> +0.879 CI [0.8544921875, 0.900390625] | sep <ZZ> +0.017 CI [-0.0234375, 0.0439453125]
[ibm_marrakesh] ghz4 <Z0Z1> +0.964 CI [0.9521484375, 0.978515625] | <Z0Z3> +0.919 CI [0.90234375, 0.9326171875]
[ibm_marrakesh] plus4 <Z0Z1> -0.003 CI [-0.029296875, 0.01953125]
[ibm_marrakesh] cluster <X0Z1> +0.946 CI [0.9306640625, 0.958984375] | <Z0X1> +0.938 CI [0.921875, 0.9541015625]
[ibm_marrakesh] bell <ZZ> +0.928 CI [0.908203125, 0.947265625] | sep <ZZ> +0.013 CI [-0.03515625, 0.0771484375]
LOTE (s): 24
